// Jest Snapshot v1, https://goo.gl/fbAQLP

exports[`mocha-loader executes mocha tests when evaluating bundle in browser: errors 1`] = `Array []`;

exports[`mocha-loader executes mocha tests when evaluating bundle in browser: warnings 1`] = `Array []`;
